"C:/Users/jarsul/Desktop/CrossLink-MIPI-DSICSI-2-to-Parallel_DSI/ipk/rx_dphy/dphy_rx_eval/rx_dphy/src/beh_rtl/capture_ctrl_beh.v=work,"
"C:/Users/jarsul/Desktop/CrossLink-MIPI-DSICSI-2-to-Parallel_DSI/ipk/rx_dphy/rx_dphy_capture_ctrl.v=work,"
"C:/Users/jarsul/Desktop/CrossLink-MIPI-DSICSI-2-to-Parallel_DSI/ipk/rx_dphy/dphy_rx_eval/rx_dphy/src/beh_rtl/rx_global_ctrl_beh.v=work,"
"C:/Users/jarsul/Desktop/CrossLink-MIPI-DSICSI-2-to-Parallel_DSI/ipk/rx_dphy/rx_dphy_rx_global_ctrl.v=work,"
"C:/Users/jarsul/Desktop/CrossLink-MIPI-DSICSI-2-to-Parallel_DSI/ipk/rx_dphy/dphy_rx_eval/rx_dphy/src/beh_rtl/soft_dphy_rx_beh.v=work,"
"C:/Users/jarsul/Desktop/CrossLink-MIPI-DSICSI-2-to-Parallel_DSI/ipk/rx_dphy/rx_dphy_soft_dphy_rx.v=work,"
"C:/Users/jarsul/Desktop/CrossLink-MIPI-DSICSI-2-to-Parallel_DSI/ipk/rx_dphy/rx_dphy_dphy_wrapper.v=work,"
"C:/Users/jarsul/Desktop/CrossLink-MIPI-DSICSI-2-to-Parallel_DSI/ipk/rx_dphy/dphy_rx_eval/rx_dphy/src/beh_rtl/dphy_rx_wrap_beh.v=work,"
"C:/Users/jarsul/Desktop/CrossLink-MIPI-DSICSI-2-to-Parallel_DSI/ipk/rx_dphy/rx_dphy_dphy_rx_wrap.v=work,"
"C:/Users/jarsul/Desktop/CrossLink-MIPI-DSICSI-2-to-Parallel_DSI/ipk/rx_dphy/rx_dphy_dphy_rx.v=work,"
"C:/Users/jarsul/Desktop/CrossLink-MIPI-DSICSI-2-to-Parallel_DSI/ipk/rx_dphy/rx_dphy.v=work,"
"C:/Users/jarsul/Desktop/CrossLink-MIPI-DSICSI-2-to-Parallel_DSI/ipk/int_pll/int_pll.v=work,"
"C:/Users/jarsul/Desktop/CrossLink-MIPI-DSICSI-2-to-Parallel_DSI/ipk/i2c_s/i2c_s.v=work,"
"C:/Users/jarsul/Desktop/CrossLink-MIPI-DSICSI-2-to-Parallel_DSI/ipk/b2p/b2p_byte2pixel.v=work,"
"C:/Users/jarsul/Desktop/CrossLink-MIPI-DSICSI-2-to-Parallel_DSI/ipk/b2p/b2p.v=work,"
"C:/Users/jarsul/Desktop/CrossLink-MIPI-DSICSI-2-to-Parallel_DSI/ipk/ipk.v=work,"
"C:/Users/jarsul/Desktop/CrossLink-MIPI-DSICSI-2-to-Parallel_DSI/testbench/verilog/mipi2parallel_MD_tb.v=work,"
"C:/Users/jarsul/Desktop/CrossLink-MIPI-DSICSI-2-to-Parallel_DSI/source/verilog/i2c_target_top.v=work,"
"C:/Users/jarsul/Desktop/CrossLink-MIPI-DSICSI-2-to-Parallel_DSI/source/verilog/mipi2parallel.v=work,"
"C:/Users/jarsul/Desktop/CrossLink-MIPI-DSICSI-2-to-Parallel_DSI/source/verilog/mipi2parallel_top.v=work,"
"C:/Users/jarsul/Desktop/CrossLink-MIPI-DSICSI-2-to-Parallel_DSI/source/verilog/synthesis_directives.v=work,"
"C:/Users/jarsul/Desktop/CrossLink-MIPI-DSICSI-2-to-Parallel_DSI/ipk/b2p/byte2pixel_eval/b2p/src/beh_rtl/byte2pixel_beh.v=,"
